// Jest Snapshot v1, https://goo.gl/fbAQLP

exports[`Pruebas en <BoxComponent /> Debe hacer match con el snapshot 1`] = `
<div>
  <div
    class="box1"
  >
    <div
      id="SearcherComponent"
    >
      <div
        class="search-container"
      >
        <img
          alt="mySvgImage"
          src="search-svgrepo-com.svg"
        />
        <input
          name="search-input"
          placeholder="Buscar"
        />
      </div>
    </div>
    <div>
      <div
        class="list-container"
      />
      <div
        class="buttons-container"
      >
        <div>
          <button
            class="btn"
            style="margin-left: 10px;"
            type="button"
          >
            &lt; Atras
          </button>
        </div>
      </div>
    </div>
  </div>
</div>
`;

exports[`Pruebas en <ButtonComponent /> Debe hacer match con el snapshot 1`] = `
<div>
  <div>
    <button
      class="btn"
      type="button"
    >
      Click me
    </button>
  </div>
</div>
`;
