// Jest Snapshot v1, https://goo.gl/fbAQLP

exports[`Pruebas en <ButtonComponent /> Debe hacer match con el snapshot 1`] = `
<div>
  <div
    id="SearcherComponent"
  >
    <div
      class="search-container"
    >
      <img
        alt="mySvgImage"
        src="search-svgrepo-com.svg"
      />
      <input
        name="search-input"
        placeholder="Buscar"
      />
    </div>
  </div>
</div>
`;
